<OdeAsn1Data><metadata><payloadType>us.dot.its.jpo.ode.model.OdeTimPayload</payloadType><serialId><streamId>aa329b5b-e5d9-42e0-9792-0984f9ed5881</streamId><bundleSize>1</bundleSize><bundleId>1</bundleId><recordId>0</recordId><serialNumber>1</serialNumber></serialId><odeReceivedAt>2018-03-13T01:07:11.120Z</odeReceivedAt><schemaVersion>9</schemaVersion><maxDurationTime>0</maxDurationTime><recordGeneratedAt>2017-03-13T01:07:11.000Z</recordGeneratedAt><recordGeneratedBy>TMC</recordGeneratedBy><sanitized>false</sanitized><request><ode><version>3</version><verb>POST</verb></ode><rsus/><snmp><msgid>0</msgid><mode>0</mode><channel>0</channel><interval>0</interval><enable>0</enable><status>0</status></snmp></request><encodings><encodings><elementName>MessageFrame</elementName><elementType>MessageFrame</elementType><encodingRule>UPER</encodingRule></encodings></encodings></metadata><payload><dataType>MessageFrame</dataType><data><MessageFrame><messageId>31</messageId><value><TravelerInformation><msgCnt>13</msgCnt><timeStamp>102607</timeStamp><dataFrames/></TravelerInformation></value></MessageFrame></data></payload></OdeAsn1Data>