{
  "metadata" : {
    "payloadType" : "us.dot.its.jpo.ode.model.OdeMsgPayload",
    "serialId" : {
      "streamId" : "ccdcbe7a-d0bc-457b-b0ff-7ac1c8a7e27a",
      "bundleSize" : 1,
      "bundleId" : 0,
      "recordId" : 0,
      "serialNumber" : 0
    },
    "odeReceivedAt" : "2018-03-13T01:07:11.120Z",
    "schemaVersion" : 7,
    "maxDurationTime" : 0,
    "recordGeneratedAt" : "2017-03-13T01:07:11.000Z",
    "recordGeneratedBy" : "TMC",
    "sanitized" : false,
    "request" : {
      "ode" : {
        "version" : 3,
        "verb" : "POST"
      },
      "rsus" : [ ],
      "snmp" : {
        "msgid" : 0,
        "mode" : 0,
        "channel" : 0,
        "interval" : 0,
        "enable" : 0,
        "status" : 0
      }
    }
  },
  "payload" : {
    "dataType" : "us.dot.its.jpo.ode.plugin.j2735.OdeTravelerInformationMessage",
    "data" : {
      "msgCnt" : 13,
      "timeStamp" : "2017-03-13T01:07:11-05:00"
    }
  }
}