{
  "metadata" : {
    "payloadType" : "us.dot.its.jpo.ode.model.OdeMsgPayload",
    "serialId" : {
      "streamId" : "62191ac3-8f96-4740-944a-5963b7863717",
      "bundleSize" : 1,
      "bundleId" : 0,
      "recordId" : 0,
      "serialNumber" : 0
    },
    "odeReceivedAt" : "2018-03-13T01:07:11.120Z",
    "schemaVersion" : 9,
    "maxDurationTime" : 0,
    "recordGeneratedAt" : "2018-03-13T01:07:11.000Z",
    "recordGeneratedBy" : "TMC",
    "sanitized" : false,
    "request" : {
      "ode" : {
        "version" : 3,
        "verb" : "POST"
      }
    }
  },
  "payload" : {
    "dataType" : "us.dot.its.jpo.ode.plugin.j2735.OdeTravelerInformationMessage",
    "data" : {
      "msgCnt" : 0,
      "timeStamp" : "2018-03-13T01:07:11-05:00"
    }
  }
}