{
  "metadata": {
    "request": {
      "ode": {
        "verb": "POST",
        "version": 3
      },
      "rsus": [{
        "rsuTarget": "172.0.0.1",
        "rsuUsername": "myusername",
        "snmpProtocol": "NTCIP1218",
        "rsuRetries": 3,
        "rsuTimeout": 5000,
        "rsuPassword": "*",
        "rsuIndex": 7
      }],
      "snmp": {
        "mode": 1,
        "deliverystop": "2024-05-13T22:30:00Z",
        "rsuid": "83",
        "deliverystart": "2024-05-13T14:30:00Z",
        "enable": 1,
        "channel": 183,
        "msgid": 31,
        "interval": 2000,
        "status": 4
      }
    },
    "payloadType": "us.dot.its.jpo.ode.model.OdeMessageFramePayload",
    "serialId": {
      "streamId": "87b4c787-54ae-4ee2-864d-0212b26262a4",
      "bundleSize": 1,
      "bundleId": 0,
      "recordId": 0,
      "serialNumber": 0
    },
    "odeReceivedAt": "2018-03-13T01:07:11.120Z",
    "schemaVersion": 9,
    "maxDurationTime": 30,
    "recordGeneratedAt": "2024-05-10T19:01:22.000Z",
    "recordGeneratedBy": "TMC",
    "sanitized": false,
    "odePacketID": "123451234512345123",
    "odeTimStartDateTime": "2024-05-13T20:30:05.014Z",
    "certPresent": false,
    "isCertPresent": false
  },
  "payload": {
    "data": {
      "messageId": 31,
      "value": {
        "TravelerInformation": {
          "msgCnt": 1,
          "timeStamp": 188341,
          "packetID": "123451234512345123",
          "urlB": "null",
          "dataFrames": [
            {
              "doNotUse1": 0,
              "frameType": "advisory",
              "msgId": {
                "roadSignID": {
                  "position": {
                    "lat": 301234560,
                    "long": -1001234500
                  },
                  "viewAngle": "FFFF",
                  "mutcdCode": "warning"
                }
              },
              "startYear": 2024,
              "startTime": 192750,
              "durationTime": 30,
              "priority": 5,
              "doNotUse2": 0,
              "regions": [
                {
                  "name": "I_myroute_RSU_172.0.0.1",
                  "id": {
                    "region": 0,
                    "id": 0
                  },
                  "anchor": {
                    "lat": 301234560,
                    "long": -1001234500
                  },
                  "laneWidth": 5000,
                  "directionality": "both",
                  "closedPath": false,
                  "direction": "0010",
                  "description": {
                    "path": {
                      "scale": 0,
                      "offset": {
                        "ll": {
                          "nodes": [
                            {
                              "delta": {
                                "node-LL1": {
                                  "lon": 0,
                                  "lat": 0
                                }
                              }
                            },
                            {
                              "delta": {
                                "node-LL1": {
                                  "lon": 0,
                                  "lat": 0
                                }
                              }
                            }
                          ]
                        }
                      }
                    }
                  }
                }
              ],
              "doNotUse3": 0,
              "doNotUse4": 0,
              "content": {
                "workZone": [
                  {
                    "item": {
                      "itis": 771
                    }
                  }
                ]
              },
              "url": "null"
            },
            {
              "doNotUse1": 0,
              "frameType": "advisory",
              "msgId": {
                "roadSignID": {
                  "position": {
                    "lat": 301234560,
                    "long": -1001234500
                  },
                  "viewAngle": "FFFF",
                  "mutcdCode": "warning"
                }
              },
              "startYear": 2024,
              "startTime": 192750,
              "durationTime": 30,
              "priority": 5,
              "doNotUse2": 0,
              "regions": [
                {
                  "name": "I_myroute_RSU_172.0.0.1",
                  "id": {
                    "region": 0,
                    "id": 0
                  },
                  "anchor": {
                    "lat": 301234560,
                    "long": -1001234500
                  },
                  "laneWidth": 5000,
                  "directionality": "both",
                  "closedPath": false,
                  "direction": "0010",
                  "description": {
                    "path": {
                      "scale": 0,
                      "offset": {
                        "ll": {
                          "nodes": [
                            {
                              "delta": {
                                "node-LL1": {
                                  "lon": 0,
                                  "lat": 0
                                }
                              }
                            },
                            {
                              "delta": {
                                "node-LL1": {
                                  "lon": 0,
                                  "lat": 0
                                }
                              }
                            }
                          ]
                        }
                      }
                    }
                  }
                }
              ],
              "doNotUse3": 0,
              "doNotUse4": 0,
              "content": {
                "workZone": [
                  {
                    "item": {
                      "itis": 771
                    }
                  }
                ]
              },
              "url": "null"
            }
          ]
        }
      }
    },
    "dataType": "us.dot.its.jpo.asn.j2735.r2024.TravelerInformation.TravelerInformationMessageFrame"
  }
}