<OdeAsn1Data><metadata><payloadType>us.dot.its.jpo.ode.model.OdeTimPayload</payloadType><serialId><streamId>0fd3ac67-75f4-4308-addf-dcc0dbce899a</streamId><bundleSize>1</bundleSize><bundleId>0</bundleId><recordId>0</recordId><serialNumber>0</serialNumber></serialId><odeReceivedAt>2018-03-13T01:07:11.120Z</odeReceivedAt><schemaVersion>7</schemaVersion><maxDurationTime>1440</maxDurationTime><recordGeneratedAt>2020-04-30T14:24:11.581Z</recordGeneratedAt><recordGeneratedBy>TMC</recordGeneratedBy><sanitized>false</sanitized><odePacketID>67AEF692F8BB63067D</odePacketID><odeTimStartDateTime>2020-04-30T14:23:59.497Z</odeTimStartDateTime><request><ode><version>3</version><verb>POST</verb></ode><sdw><serviceRegion><nwCorner><latitude>41.715253</latitude><longitude>-106.229851</longitude></nwCorner><seCorner><latitude>40.227193</latitude><longitude>-104.620706</longitude></seCorner></serviceRegion><ttl>oneday</ttl><recordId>9044E029</recordId></sdw></request><encodings><encodings><elementName>MessageFrame</elementName><elementType>MessageFrame</elementType><encodingRule>UPER</encodingRule></encodings></encodings></metadata><payload><data><MessageFrame><messageId>31</messageId><value><TravelerInformation><msgCnt>1</msgCnt><timeStamp>173664</timeStamp><packetID>67AEF692F8BB63067D</packetID><urlB>null</urlB><dataFrames><TravelerDataFrame><doNotUse1>0</doNotUse1><frameType><advisory></advisory></frameType><msgId><roadSignID><position><lat>406047600</lat><long>-1050013900</long></position><viewAngle>1111111111111111</viewAngle><mutcdCode><warning></warning></mutcdCode></roadSignID></msgId><startYear>2020</startYear><startTime>173663</startTime><durationTime>1440</durationTime><priority>5</priority><doNotUse2>0</doNotUse2><regions><GeographicalPath><name>I_I 25_SAT-1CEE1793</name><id><region>0</region><id>0</id></id><anchor><lat>406047600</lat><long>-1050013900</long></anchor><laneWidth>32700</laneWidth><directionality><both></both></directionality><closedPath><false /></closedPath><direction>1000000000000001</direction><description><path><scale>0</scale><offset><xy><nodes><NodeXY><delta><node-LatLon><lon>-1050012800</lon><lat>406190100</lat></node-LatLon></delta></NodeXY><NodeXY><delta><node-LatLon><lon>-1050009700</lon><lat>406334900</lat></node-LatLon></delta></NodeXY><NodeXY><delta><node-LatLon><lon>-1050008600</lon><lat>406480600</lat></node-LatLon></delta></NodeXY><NodeXY><delta><node-LatLon><lon>-1050009200</lon><lat>406625700</lat></node-LatLon></delta></NodeXY><NodeXY><delta><node-LatLon><lon>-1050008000</lon><lat>406769500</lat></node-LatLon></delta></NodeXY></nodes></xy></offset></path></description></GeographicalPath></regions><doNotUse3>0</doNotUse3><doNotUse4>0</doNotUse4><content><advisory><SEQUENCE><item><itis>5127</itis></item></SEQUENCE></advisory></content><url>null</url></TravelerDataFrame></dataFrames></TravelerInformation></value></MessageFrame></data><dataType>MessageFrame</dataType></payload></OdeAsn1Data>