{
  "metadata" : {
    "payloadType" : "us.dot.its.jpo.ode.model.OdeMessageFramePayload",
    "serialId" : {
      "streamId" : "343349a9-92c9-41de-9cd0-5f20c88b6ca8",
      "bundleSize" : 1,
      "bundleId" : 0,
      "recordId" : 0,
      "serialNumber" : 0
    },
    "odeReceivedAt" : "2018-03-13T01:07:11.120Z",
    "isCertPresent": false,
    "schemaVersion" : 9,
    "maxDurationTime" : 0,
    "recordGeneratedAt" : "2017-03-13T01:07:11.000Z",
    "recordGeneratedBy" : "TMC",
    "sanitized" : false,
    "request" : {
      "ode" : {
        "version" : 3,
        "verb" : "POST"
      },
      "rsus" : [ ],
      "snmp" : {
        "msgid" : 0,
        "mode" : 0,
        "channel" : 0,
        "interval" : 0,
        "enable" : 0,
        "status" : 0
      }
    }
  },
  "payload" : {
    "data" : {
      "messageId": 31,
      "value": {"TravelerInformation": {
        "timeStamp": 102607,
        "dataFrames": [],
        "msgCnt": 13
      }}
    },
    "dataType" : "us.dot.its.jpo.asn.j2735.r2024.TravelerInformation.TravelerInformationMessageFrame"
  }
}