{
  "metadata" : {
    "payloadType" : "us.dot.its.jpo.ode.model.OdeTimPayload",
    "serialId" : {
      "streamId" : "8452c7ba-1ade-4a50-a6db-3145332d54b9",
      "bundleSize" : 1,
      "bundleId" : 0,
      "recordId" : 0,
      "serialNumber" : 0
    },
    "odeReceivedAt" : "2018-03-13T01:07:11.120Z",
    "schemaVersion" : 8,
    "maxDurationTime" : 0,
    "recordGeneratedAt" : "2017-03-13T01:07:11.000Z",
    "recordGeneratedBy" : "TMC",
    "sanitized" : false,
    "request" : {
      "ode" : {
        "version" : 3,
        "verb" : "PUT"
      },
      "rsus" : [ ],
      "snmp" : {
        "msgid" : 0,
        "mode" : 0,
        "channel" : 0,
        "interval" : 0,
        "enable" : 0,
        "status" : 0
      }
    }
  },
  "payload" : {
    "data" : {
      "msgCnt" : 13,
      "timeStamp" : 102607,
      "dataFrames" : [ ]
    },
    "dataType" : "us.dot.its.jpo.ode.plugin.j2735.travelerinformation.TravelerInformation"
  }
}