<OdeAsn1Data><metadata><payloadType>us.dot.its.jpo.ode.model.OdeTimPayload</payloadType><serialId><streamId>2a41a0cc-b627-469b-b4f7-02cb9607670c</streamId><bundleSize>1</bundleSize><bundleId>0</bundleId><recordId>0</recordId><serialNumber>0</serialNumber></serialId><odeReceivedAt>2018-03-13T01:07:11.120Z</odeReceivedAt><schemaVersion>9</schemaVersion><maxDurationTime>30</maxDurationTime><recordGeneratedAt>2024-05-10T19:01:22.000Z</recordGeneratedAt><recordGeneratedBy>TMC</recordGeneratedBy><sanitized>false</sanitized><odePacketID>123451234512345123</odePacketID><odeTimStartDateTime>2024-05-13T20:30:05.014Z</odeTimStartDateTime><request><ode><version>3</version><verb>POST</verb></ode><rsus><rsus><rsuTarget>172.0.0.1</rsuTarget><rsuUsername>myusername</rsuUsername><rsuPassword>mypassword</rsuPassword><rsuRetries>3</rsuRetries><rsuTimeout>5000</rsuTimeout><rsuIndex>7</rsuIndex><snmpProtocol>NTCIP1218</snmpProtocol></rsus></rsus><snmp><rsuid>83</rsuid><msgid>31</msgid><mode>1</mode><channel>183</channel><interval>2000</interval><deliverystart>2024-05-13T14:30:00Z</deliverystart><deliverystop>2024-05-13T22:30:00Z</deliverystop><enable>1</enable><status>4</status></snmp></request><encodings><encodings><elementName>MessageFrame</elementName><elementType>MessageFrame</elementType><encodingRule>UPER</encodingRule></encodings></encodings></metadata><payload><data><MessageFrame><messageId>31</messageId><value><TravelerInformation><msgCnt>1</msgCnt><timeStamp>188341</timeStamp><packetID>123451234512345123</packetID><urlB>null</urlB><dataFrames><TravelerDataFrame><doNotUse1>0</doNotUse1><frameType><advisory></advisory></frameType><msgId><roadSignID><position><lat>301234560</lat><long>-1001234500</long></position><viewAngle>1111111111111111</viewAngle><mutcdCode><warning></warning></mutcdCode></roadSignID></msgId><startYear>2024</startYear><startTime>192750</startTime><durationTime>30</durationTime><priority>5</priority><doNotUse2>0</doNotUse2><regions><GeographicalPath><name>I_myroute_RSU_172.0.0.1</name><id><region>0</region><id>0</id></id><anchor><lat>301234560</lat><long>-1001234500</long></anchor><laneWidth>5000</laneWidth><directionality><both></both></directionality><closedPath><false /></closedPath><direction>0000000000010000</direction><description><path><scale>0</scale><offset><ll><nodes><NodeLL><delta><node-LL1><lon>0</lon><lat>0</lat></node-LL1></delta></NodeLL><NodeLL><delta><node-LL1><lon>0</lon><lat>0</lat></node-LL1></delta></NodeLL></nodes></ll></offset></path></description></GeographicalPath></regions><doNotUse3>0</doNotUse3><doNotUse4>0</doNotUse4><content><workZone><SEQUENCE><item><itis>771</itis></item></SEQUENCE></workZone></content><url>null</url></TravelerDataFrame></dataFrames></TravelerInformation></value></MessageFrame></data><dataType>MessageFrame</dataType></payload></OdeAsn1Data>