{
  "metadata" : {
    "recordType" : "spatTx",
    "securityResultCode" : "success",
    "payloadType" : "us.dot.its.jpo.ode.model.OdeAsn1Payload",
    "serialId" : {
      "streamId" : "38337a4b-9972-4c9e-86dd-ce18c4d0830c",
      "bundleSize" : 1,
      "bundleId" : 0,
      "recordId" : 0,
      "serialNumber" : 0
    },
    "odeReceivedAt" : "2024-11-26T23:53:21.120Z",
    "schemaVersion" : 8,
    "maxDurationTime" : 0,
    "recordGeneratedBy" : "RSU",
    "sanitized" : false,
    "asn1" : "001338000817A780000089680500204642B342B34802021A15A955A940181190ACD0ACD20100868555C555C00104342AAE2AAE002821A15571557000",
    "spatSource" : "RSU",
    "originIp" : "127.0.0.1",
    "isCertPresent" : false
  },
  "payload" : {
    "dataType" : "us.dot.its.jpo.ode.model.OdeHexByteArray",
    "data" : {
      "bytes" : "001338000817A780000089680500204642B342B34802021A15A955A940181190ACD0ACD20100868555C555C00104342AAE2AAE002821A15571557000"
    }
  }
}