{
  "metadata" : {
    "recordType" : "mapTx",
    "securityResultCode" : "success",
    "payloadType" : "us.dot.its.jpo.ode.model.OdeAsn1Payload",
    "serialId" : {
      "streamId" : "f32a9c67-1b6c-4835-b69f-ae2eacc5caea",
      "bundleSize" : 1,
      "bundleId" : 0,
      "recordId" : 0,
      "serialNumber" : 0
    },
    "odeReceivedAt": "2024-11-26T23:53:21.120Z",
    "schemaVersion" : 9,
    "maxDurationTime" : 0,
    "recordGeneratedBy" : "RSU",
    "sanitized" : false,
    "asn1" : "001283C138003000205E9C014D3EAB092CA624B5518202DC3658042800000400023622C60CA009F66D48ABFAF81388D8AD18070027D9B2FFCFE9804F13667B1FFD009EC2C76E3FFC82C4E0001004B00C5000000800066C4574101813ECD8B757FAE027D9B30E6FF5604EC363561FE7809EC6CD69BFEC813C4D8A617FC9027D9B2147008604FB163666000016250000802580228000001000096229E1309B51A6FE4204DD361CF1FE5009F6018E1000096020A00000080004D88A57F84027D9B3827002804EC36087600A009F62C289407282C310001C0440188800000006C46DBE02813EC5816D800710052200000001B11B6FAD404FB16054A0000401C8800000006C47B3D24813EC5816D801B100C4200000000AF890F12C580007E87100D4200000008AF4C0F12C580077E7A2C0004000160002001CB028D000000800052C160BC40B5FFFD8A9409D86BFEBB5B40141457FEF53B76C008B467014145800080002BFFCBFFC82C6A0001804B024D000000800036C2213C3B013ECD80096D64027D9AFFD8CDFC04F635FF7983BC09F66C0082AA2014280B1B80006012C0B3400000100004B02BCF0F6D7FE065D602788B0138EB900B1240001012C083400000080009B0C2AF0B804FB15FE6DE171AFFF6C63E04EC15FE1DE670060E40002581EA8000004000135DA6DF0180A0A6ADC2C00D0143CD51897FDA028C8ABB25001A0B0680008012C105400000200009AEDBEFAE005053540EE003C0A326A9CF3FED8143C5667780010582C0004009608AA00000080004D76DE7EE402829ABA88FFDC050F354525FFF80A322BCF23FA602C690000C04B0395000000200016BB4FBD4E01414D3215800802940AB108FFF2030D2000110126200000001AEE5103BE050A15F6F1FFC8404D8800000006BB97C18E0142857DFA800010146200000001AEE89099A050A15F8720000B05DD000000800046BE3743B781428D80E1B00002879B00514B4404F63600827D8C09E22C000400015FFE6007016190000402582CE8000004000135ECEE1DE80A146C02E54758143CD8059AD3E027B1B00613DD004F102C360000804B055D000000200046BCC7C3C781428D80108C6E02829B002B2ECE050A16019A4B29B00AB5C3604F136004E410409EC018A10000960C3A00000080004D7DE9878602851B003923CC05053601623B440A0A6BFB8C3A5014140B0640005012C197400000100005AFE570EF2050A36003A47C80A0A6BFD2C45F014140B054000501101A8200000001B05A90EDC050535FFE605800A0A101B8200000001B08A30EC0050535FFE605300A0A101C8200000005B0C6F0EA4050515FFCA0568B0001000E",
    "mapSource" : "RSU",
    "originIp" : "127.0.0.1"
  },
  "payload" : {
    "dataType" : "us.dot.its.jpo.ode.model.OdeHexByteArray",
    "data" : {
      "bytes" : "001283C138003000205E9C014D3EAB092CA624B5518202DC3658042800000400023622C60CA009F66D48ABFAF81388D8AD18070027D9B2FFCFE9804F13667B1FFD009EC2C76E3FFC82C4E0001004B00C5000000800066C4574101813ECD8B757FAE027D9B30E6FF5604EC363561FE7809EC6CD69BFEC813C4D8A617FC9027D9B2147008604FB163666000016250000802580228000001000096229E1309B51A6FE4204DD361CF1FE5009F6018E1000096020A00000080004D88A57F84027D9B3827002804EC36087600A009F62C289407282C310001C0440188800000006C46DBE02813EC5816D800710052200000001B11B6FAD404FB16054A0000401C8800000006C47B3D24813EC5816D801B100C4200000000AF890F12C580007E87100D4200000008AF4C0F12C580077E7A2C0004000160002001CB028D000000800052C160BC40B5FFFD8A9409D86BFEBB5B40141457FEF53B76C008B467014145800080002BFFCBFFC82C6A0001804B024D000000800036C2213C3B013ECD80096D64027D9AFFD8CDFC04F635FF7983BC09F66C0082AA2014280B1B80006012C0B3400000100004B02BCF0F6D7FE065D602788B0138EB900B1240001012C083400000080009B0C2AF0B804FB15FE6DE171AFFF6C63E04EC15FE1DE670060E40002581EA8000004000135DA6DF0180A0A6ADC2C00D0143CD51897FDA028C8ABB25001A0B0680008012C105400000200009AEDBEFAE005053540EE003C0A326A9CF3FED8143C5667780010582C0004009608AA00000080004D76DE7EE402829ABA88FFDC050F354525FFF80A322BCF23FA602C690000C04B0395000000200016BB4FBD4E01414D3215800802940AB108FFF2030D2000110126200000001AEE5103BE050A15F6F1FFC8404D8800000006BB97C18E0142857DFA800010146200000001AEE89099A050A15F8720000B05DD000000800046BE3743B781428D80E1B00002879B00514B4404F63600827D8C09E22C000400015FFE6007016190000402582CE8000004000135ECEE1DE80A146C02E54758143CD8059AD3E027B1B00613DD004F102C360000804B055D000000200046BCC7C3C781428D80108C6E02829B002B2ECE050A16019A4B29B00AB5C3604F136004E410409EC018A10000960C3A00000080004D7DE9878602851B003923CC05053601623B440A0A6BFB8C3A5014140B0640005012C197400000100005AFE570EF2050A36003A47C80A0A6BFD2C45F014140B054000501101A8200000001B05A90EDC050535FFE605800A0A101B8200000001B08A30EC0050535FFE605300A0A101C8200000005B0C6F0EA4050515FFCA0568B0001000E"
    }
  }
}
