{
  "metadata": {
    "securityResultCode": "success",
    "recordGeneratedBy": "RSU",
    "schemaVersion": 9,
    "sanitized": false,
    "serialId": {
			"streamId": "609a6611-8a14-4ca7-a6a2-44f68c163c7d",
			"bundleSize": 1,
			"bundleId": 0,
			"recordId": 0,
			"serialNumber": 0
		},
    "recordType": "rtcmTx",
    "maxDurationTime": 0,
    "source": "RSU",
    "isCertPresent": false,
    "payloadType": "us.dot.its.jpo.ode.model.OdeAsn1Payload",
    "asn1": "001C6D25244028D2D4B29BC25EC0C12C418D300133ED980037BDD1A80C6358121DD4E499FFC6712E91F0D10F4C00F90266005105115939553131053951153939048081393D391400003551492535093114810531313D64513985D880D4B8D0D080BC8109BDBDD080D4B8D0D0023197E4600180000243D35CF767E1000243D36ED90AE181010100030180C620FB90CAAD3B9C5082082B11E72CCF15FC32396921000325FBF96E83279C830101800348010780032040958005000001E040800320409780050080012040800182800500800130408001838005008001F040000187000126000180818280E9ACD3DEB91A1C3F8C3FAC2E1BD37772C16FFEFC1A51785D05B494A8F9C7628082E2FBE39A6FBDB7CE9A5FA234570604B3628493C89EC1C89EDEC5132E25A017D84588EEBAB47F4756A80D24F339C1B139298ABFC6ECE497C5DE5DF93BEAA60C98",
    "odeReceivedAt": "2024-11-26T23:53:21.120Z",
    "originIp": "127.0.0.1"
  },
  "payload": {
    "data": {"bytes": "001C6D25244028D2D4B29BC25EC0C12C418D300133ED980037BDD1A80C6358121DD4E499FFC6712E91F0D10F4C00F90266005105115939553131053951153939048081393D391400003551492535093114810531313D64513985D880D4B8D0D080BC8109BDBDD080D4B8D0D0023197E4600180000243D35CF767E1000243D36ED90AE181010100030180C620FB90CAAD3B9C5082082B11E72CCF15FC32396921000325FBF96E83279C830101800348010780032040958005000001E040800320409780050080012040800182800500800130408001838005008001F040000187000126000180818280E9ACD3DEB91A1C3F8C3FAC2E1BD37772C16FFEFC1A51785D05B494A8F9C7628082E2FBE39A6FBDB7CE9A5FA234570604B3628493C89EC1C89EDEC5132E25A017D84588EEBAB47F4756A80D24F339C1B139298ABFC6ECE497C5DE5DF93BEAA60C98"},
    "dataType": "us.dot.its.jpo.ode.model.OdeHexByteArray"
  }
}